Attention: Next.js now collects completely anonymous telemetry regarding usage.
This information is used to shape Next.js' roadmap and prioritize features.
You can learn more, including how to opt-out if you'd not like to participate in this anonymous program, by visiting the following URL:
https://nextjs.org/telemetry

  鈻?Next.js 14.2.35

   Creating an optimized production build ...
node.exe : Failed to compile.
所在位置 行:1 字符: 1
+ & "C:\Program Files\nodejs/node.exe" "C:\Program Files\nodejs/node_mo ...
+ ~~~~~~~~~~~~~~~~~~~~~~~~~~~~~~~~~~~~~~~~~~~~~~~~~~~~~~~~~~~~~~~~~~~~~
    + CategoryInfo          : NotSpecified: (Failed to compile.:String) [], Re 
   moteException
    + FullyQualifiedErrorId : NativeCommandError
 

./app/dashboard/layout.tsx
Module not found: Can't resolve '@/store/useAuthStore'

https://nextjs.org/docs/messages/module-not-found

./app/dashboard/layout.tsx
Module not found: Can't resolve '@/hooks/useRequireAuth'

https://nextjs.org/docs/messages/module-not-found

./app/dashboard/layout.tsx
Module not found: Can't resolve 'lucide-react'

https://nextjs.org/docs/messages/module-not-found

./app/dashboard/layout.tsx
Module not found: Can't resolve '@/components/ui/button'

https://nextjs.org/docs/messages/module-not-found

./app/dashboard/page.tsx
Module not found: Can't resolve 'lucide-react'

https://nextjs.org/docs/messages/module-not-found


> Build failed because of webpack errors
